[2025-10-03 16:33:27] [INFO ] LoggerUtil - ======Starting Default test TestSuite======
[2025-10-03 16:33:27] [INFO ] LoggerUtil - ======Starting Default test Test======
[2025-10-03 16:33:27] [INFO ] LoggerUtil - ======Completing Default test TestSuite======
[2025-10-03 16:41:40] [INFO ] LoggerUtil - ======Starting Default test TestSuite======
[2025-10-03 16:41:40] [INFO ] LoggerUtil - ======Starting Default test Test======
[2025-10-03 16:41:40] [INFO ] LoggerUtil - ======Completing Default test TestSuite======
[2025-10-03 16:45:23] [INFO ] LoggerUtil - ======Starting Default test TestSuite======
[2025-10-03 16:45:23] [INFO ] LoggerUtil - ======Starting Default test Test======
[2025-10-03 16:45:23] [INFO ] LoggerUtil - ======LoginTest Case Passed======
[2025-10-03 16:45:23] [INFO ] LoggerUtil - ======Completing Default test TestSuite======
[2025-10-03 16:46:36] [INFO ] LoggerUtil - ======Starting Default test TestSuite======
[2025-10-03 16:46:36] [INFO ] LoggerUtil - ======Starting Default test Test======
[2025-10-03 16:47:00] [ERROR] LoggerUtil - ======LoginTest Case Failed======
[2025-10-03 16:47:00] [INFO ] LoggerUtil - ======Completing Default test TestSuite======
[2025-10-03 17:02:40] [INFO ] LoggerUtil - ======Starting Default test TestSuite======
[2025-10-03 17:02:40] [INFO ] LoggerUtil - ======Starting Default test Test======
[2025-10-03 17:02:45] [INFO ] LoggerUtil - ======LoginTest Case Passed======
[2025-10-03 17:02:45] [INFO ] LoggerUtil - ======Completing Default test TestSuite======
[2025-10-03 17:15:07] [INFO ] LoggerUtil - ======Starting Default test TestSuite======
[2025-10-03 17:15:07] [INFO ] LoggerUtil - ======Starting Default test Test======
[2025-10-03 17:15:11] [INFO ] LoggerUtil - ======LoginTest Case Passed======
[2025-10-03 17:15:11] [INFO ] LoggerUtil - ======Completing Default test TestSuite======
